python : Traceback 
(most recent call 
last):
At line:1 char:1
+ python test_vim.py > 
test_log.txt 2>&1
+ ~~~~~~~~~~~~~~~~~~~~~
~~~~~~~~~~~~~~~~~
    + CategoryInfo     
         : NotSpecifi  
  ed: (Traceback (mo   
 st recent call las    
t)::String) [], Re    
moteException
    + FullyQualifiedEr 
   rorId : NativeComm  
  andError
 
  File "D:\PROJECTS\Lea
rNnEarn\backend\test_vi
m.py", line 120, in 
<module>
    run_test()
  File "D:\PROJECTS\Lea
rNnEarn\backend\test_vi
m.py", line 30, in 
run_test
    print("\U0001f680 
Starting VIM (Viral 
Incentive Mechanism) 
Verification...")
  File "C:\Users\cpsgh\
AppData\Local\Programs\
Python\Python310\lib\en
codings\cp1252.py", 
line 19, in encode
    return codecs.charm
ap_encode(input,self.er
rors,encoding_table)[0]
UnicodeEncodeError: 
'charmap' codec can't 
encode character 
'\U0001f680' in 
position 0: character 
maps to <undefined>
